// Jest Snapshot v1, https://goo.gl/fbAQLP

exports[`District Match - Address renders correctly 1`] = `
<UNDEFINED>
  <Text
    accessible={true}
    allowFontScaling={true}
    ellipsizeMode="tail"
    style={
      Object {
        "fontSize": 18,
        "paddingTop": 20,
        "textAlign": "center",
        "width": 230,
      }
    }
  >
    Oops! Your zip code spans several districts. To help us identify your district, please enter your home address.
  </Text>
  <Image
    source={1}
    style={
      Object {
        "marginBottom": 20,
        "marginTop": 25,
      }
    }
  />
  <Component
    style={
      Object {
        "flexDirection": "column",
        "justifyContent": "center",
        "padding": 20,
        "width": "90%",
      }
    }
  >
    <TextInput
      allowFontScaling={true}
      autoCapitalize="none"
      autoCorrect={false}
      autoFocus={false}
      clearButtonMode="while-editing"
      keyboardType="default"
      onChangeText={[Function]}
      placeholder="Street Address"
      style={
        Object {
          "color": "#000000",
          "fontSize": 18,
          "paddingBottom": 10,
          "paddingTop": 10,
        }
      }
      value="1234 Merry Lane"
    />
    <TextInput
      allowFontScaling={true}
      autoCapitalize="none"
      autoCorrect={false}
      autoFocus={false}
      clearButtonMode="while-editing"
      keyboardType="default"
      onChangeText={[Function]}
      placeholder="City"
      style={
        Object {
          "color": "#000000",
          "fontSize": 18,
          "paddingBottom": 10,
          "paddingTop": 10,
        }
      }
      value="Baltimore"
    />
    <Component>
      <Text
        accessible={true}
        allowFontScaling={true}
        ellipsizeMode="tail"
        style={
          Object {
            "color": "#ff5722",
          }
        }
      >
        
      </Text>
    </Component>
    <ButtonSumbit
      onPress={undefined}
    />
  </Component>
</UNDEFINED>
`;
